MQTT.c:33:6:MQTT_NewBuffer	24	static
MQTT.c:79:6:MQTT_DeleteBuffer	16	static
MQTT.c:92:7:MQTT_DumpLength	24	static
MQTT.c:115:7:MQTT_ReadLength	40	static
MQTT.c:154:7:MQTT_UnPacketRecv	32	static
MQTT.c:208:7:MQTT_PacketConnect	48	static
MQTT.c:381:7:MQTT_PacketDisConnect	16	static
MQTT.c:411:7:MQTT_UnPacketConnectAck	16	static
MQTT.c:439:7:MQTT_PacketSaveData	48	static
MQTT.c:469:7:MQTT_PacketSaveBinData	64	static
MQTT.c:530:7:MQTT_UnPacketCmd	32	static
MQTT.c:579:7:MQTT_PacketCmdResp	56	static
MQTT.c:620:7:MQTT_PacketSubscribe	40	static
MQTT.c:696:7:MQTT_UnPacketSubscribe	24	static
MQTT.c:743:7:MQTT_PacketUnSubscribe	48	static
MQTT.c:817:7:MQTT_UnPacketUnSubscribe	24	static
MQTT.c:849:7:MQTT_PacketPublish	56	static
MQTT.c:1002:7:MQTT_UnPacketPublish	40	static
MQTT.c:1105:7:MQTT_PacketPublishAck	24	static
MQTT.c:1141:7:MQTT_UnPacketPublishAck	16	static
MQTT.c:1166:7:MQTT_PacketPublishRec	24	static
MQTT.c:1202:7:MQTT_UnPacketPublishRec	16	static
MQTT.c:1227:7:MQTT_PacketPublishRel	24	static
MQTT.c:1263:7:MQTT_UnPacketPublishRel	16	static
MQTT.c:1288:7:MQTT_PacketPublishComp	24	static
MQTT.c:1324:7:MQTT_UnPacketPublishComp	16	static
MQTT.c:1348:7:MQTT_PacketPing	16	static
